---
layout: post
title: mdadm(software raid config)
description: 
category: Linux
---

## software raid

### find disk
```
fdisk -l 
```
### create devices
```
mdadm --create /dev/md0 --level=0 --raid-devices=2 /dev/nvme0n1p1 /dev/nvme1n1p1
```

### check status
cat /proc/mdstat

```
[root@localhost ~]# cat  /proc/mdstat 
Personalities : [raid0] 
md0 : active raid0 nvme1n1p1[1] nvme0n1p1[0]
      976506880 blocks super 1.2 512k chunks
      
unused devices: <none>

```
```
[root@localhost ~]# mdadm --detail /dev/md0 
/dev/md0:
           Version : 1.2
     Creation Time : Tue Dec 22 02:13:34 2020
        Raid Level : raid0
        Array Size : 976506880 (931.27 GiB 999.94 GB)
      Raid Devices : 2
     Total Devices : 2
       Persistence : Superblock is persistent

       Update Time : Tue Dec 22 02:13:34 2020
             State : clean 
    Active Devices : 2
   Working Devices : 2
    Failed Devices : 0
     Spare Devices : 0

        Chunk Size : 512K

Consistency Policy : none

              Name : localhost.localdomain:0  (local to host localhost.localdomain)
              UUID : 5d4375b6:bfe2de12:e0252952:85f2c5ce
            Events : 0

    Number   Major   Minor   RaidDevice State
       0     259        3        0      active sync   /dev/nvme0n1p1
       1     259        2        1      active sync   /dev/nvme1n1p1

```


### format
```
mkfs -t ext4 /dev/md0
```

### delete device
```

 mdadm --stop /dev/md0

 mdadm --zero-superblock /dev/nvme0n1p1 /dev/nvme1n1p1


```
